// Jest Snapshot v1, https://goo.gl/fbAQLP

exports[`Pruebas en GifGridItem.js component should match snapshot 1`] = `
<div
  className="card animate__animated animate__fadeIn"
>
  <img
    alt="Un título"
    src="https://localhots/ld.png"
  />
  <p>
    Un título
  </p>
</div>
`;
