// Jest Snapshot v1, https://goo.gl/fbAQLP

exports[`Pruebas en <GifGrid /> debe de mostrar items cuando se cargan im√°genes con useFetchGifs 1`] = `
<Fragment>
  <h3
    className="animate__animated animate__fadeIn"
  >
    One Punch
  </h3>
  <div
    className="cardGrid"
  >
    <GifGridItem
      id="abc"
      key="abc"
      title="Cualquier Cosa"
      url="https://localhost/cualquier/cosa.jpg"
    />
    <GifGridItem
      id="123"
      key="123"
      title="Cualquier Cosa"
      url="https://localhost/cualquier/cosa.jpg"
    />
  </div>
</Fragment>
`;

exports[`Pruebas en <GifGrid /> should match snapshot 1`] = `
<Fragment>
  <h3
    className="animate__animated animate__fadeIn"
  >
    One Punch
  </h3>
  <p
    className="animate__animated animate__flash"
  >
    Cargando...
  </p>
  <div
    className="cardGrid"
  />
</Fragment>
`;
